"""
Test Base Geometry
"""
>>> BaseGeometry = __import__('7-base_geometry').BaseGeometry
>>> int = BaseGeometry.integer_validator

>>> int = BaseGeometry().integer_validator
>>> int("test", 23)
>>> int("test", 5)
>>> int("test", 1)
>>> int("test", 0)
Traceback (most recent call last):
...
ValueError: test must be greater than 0

>>> int("test", -5)
Traceback (most recent call last):
...
ValueError: test must be greater than 0

>>> int("test", 3.14)
Traceback (most recent call last):
...
TypeError: test must be an integer

>>> int("test", "hello")
Traceback (most recent call last):
...
TypeError: test must be an integer

>>> geometry = BaseGeometry()
>>> geometry.area()
Traceback (most recent call last):
...
Exception: area() is not implemented

>>> int()
Traceback (most recent call last):
...
TypeError: integer_validator() missing 2 required positional arguments: 'name' and 'value'
